Archive member included because of file (symbol)

d:/program files (x86)/gnu tools arm embedded/4.9 2014q4/bin/../lib/gcc/arm-none-eabi/4.9.3/../../../../arm-none-eabi/lib/armv6-m\libm.a(lib_a-s_atan.o)
                              ..\obj\gps.o (atan)
d:/program files (x86)/gnu tools arm embedded/4.9 2014q4/bin/../lib/gcc/arm-none-eabi/4.9.3/../../../../arm-none-eabi/lib/armv6-m\libm.a(lib_a-s_cos.o)
                              ..\obj\gps.o (cos)
d:/program files (x86)/gnu tools arm embedded/4.9 2014q4/bin/../lib/gcc/arm-none-eabi/4.9.3/../../../../arm-none-eabi/lib/armv6-m\libm.a(lib_a-s_fabs.o)
                              d:/program files (x86)/gnu tools arm embedded/4.9 2014q4/bin/../lib/gcc/arm-none-eabi/4.9.3/../../../../arm-none-eabi/lib/armv6-m\libm.a(lib_a-s_atan.o) (fabs)
d:/program files (x86)/gnu tools arm embedded/4.9 2014q4/bin/../lib/gcc/arm-none-eabi/4.9.3/../../../../arm-none-eabi/lib/armv6-m\libm.a(lib_a-s_sin.o)
                              ..\obj\gps.o (sin)
d:/program files (x86)/gnu tools arm embedded/4.9 2014q4/bin/../lib/gcc/arm-none-eabi/4.9.3/../../../../arm-none-eabi/lib/armv6-m\libm.a(lib_a-s_tan.o)
                              ..\obj\gps.o (tan)
d:/program files (x86)/gnu tools arm embedded/4.9 2014q4/bin/../lib/gcc/arm-none-eabi/4.9.3/../../../../arm-none-eabi/lib/armv6-m\libm.a(lib_a-w_acos.o)
                              ..\obj\gps.o (acos)
d:/program files (x86)/gnu tools arm embedded/4.9 2014q4/bin/../lib/gcc/arm-none-eabi/4.9.3/../../../../arm-none-eabi/lib/armv6-m\libm.a(lib_a-w_sqrt.o)
                              ..\obj\dcm.o (sqrt)
d:/program files (x86)/gnu tools arm embedded/4.9 2014q4/bin/../lib/gcc/arm-none-eabi/4.9.3/../../../../arm-none-eabi/lib/armv6-m\libm.a(lib_a-e_acos.o)
                              d:/program files (x86)/gnu tools arm embedded/4.9 2014q4/bin/../lib/gcc/arm-none-eabi/4.9.3/../../../../arm-none-eabi/lib/armv6-m\libm.a(lib_a-w_acos.o) (__ieee754_acos)
d:/program files (x86)/gnu tools arm embedded/4.9 2014q4/bin/../lib/gcc/arm-none-eabi/4.9.3/../../../../arm-none-eabi/lib/armv6-m\libm.a(lib_a-e_rem_pio2.o)
                              d:/program files (x86)/gnu tools arm embedded/4.9 2014q4/bin/../lib/gcc/arm-none-eabi/4.9.3/../../../../arm-none-eabi/lib/armv6-m\libm.a(lib_a-s_cos.o) (__ieee754_rem_pio2)
d:/program files (x86)/gnu tools arm embedded/4.9 2014q4/bin/../lib/gcc/arm-none-eabi/4.9.3/../../../../arm-none-eabi/lib/armv6-m\libm.a(lib_a-e_sqrt.o)
                              d:/program files (x86)/gnu tools arm embedded/4.9 2014q4/bin/../lib/gcc/arm-none-eabi/4.9.3/../../../../arm-none-eabi/lib/armv6-m\libm.a(lib_a-w_sqrt.o) (__ieee754_sqrt)
d:/program files (x86)/gnu tools arm embedded/4.9 2014q4/bin/../lib/gcc/arm-none-eabi/4.9.3/../../../../arm-none-eabi/lib/armv6-m\libm.a(lib_a-k_cos.o)
                              d:/program files (x86)/gnu tools arm embedded/4.9 2014q4/bin/../lib/gcc/arm-none-eabi/4.9.3/../../../../arm-none-eabi/lib/armv6-m\libm.a(lib_a-s_cos.o) (__kernel_cos)
d:/program files (x86)/gnu tools arm embedded/4.9 2014q4/bin/../lib/gcc/arm-none-eabi/4.9.3/../../../../arm-none-eabi/lib/armv6-m\libm.a(lib_a-k_rem_pio2.o)
                              d:/program files (x86)/gnu tools arm embedded/4.9 2014q4/bin/../lib/gcc/arm-none-eabi/4.9.3/../../../../arm-none-eabi/lib/armv6-m\libm.a(lib_a-e_rem_pio2.o) (__kernel_rem_pio2)
d:/program files (x86)/gnu tools arm embedded/4.9 2014q4/bin/../lib/gcc/arm-none-eabi/4.9.3/../../../../arm-none-eabi/lib/armv6-m\libm.a(lib_a-k_sin.o)
                              d:/program files (x86)/gnu tools arm embedded/4.9 2014q4/bin/../lib/gcc/arm-none-eabi/4.9.3/../../../../arm-none-eabi/lib/armv6-m\libm.a(lib_a-s_cos.o) (__kernel_sin)
d:/program files (x86)/gnu tools arm embedded/4.9 2014q4/bin/../lib/gcc/arm-none-eabi/4.9.3/../../../../arm-none-eabi/lib/armv6-m\libm.a(lib_a-k_tan.o)
                              d:/program files (x86)/gnu tools arm embedded/4.9 2014q4/bin/../lib/gcc/arm-none-eabi/4.9.3/../../../../arm-none-eabi/lib/armv6-m\libm.a(lib_a-s_tan.o) (__kernel_tan)
d:/program files (x86)/gnu tools arm embedded/4.9 2014q4/bin/../lib/gcc/arm-none-eabi/4.9.3/../../../../arm-none-eabi/lib/armv6-m\libm.a(lib_a-s_floor.o)
                              d:/program files (x86)/gnu tools arm embedded/4.9 2014q4/bin/../lib/gcc/arm-none-eabi/4.9.3/../../../../arm-none-eabi/lib/armv6-m\libm.a(lib_a-k_rem_pio2.o) (floor)
d:/program files (x86)/gnu tools arm embedded/4.9 2014q4/bin/../lib/gcc/arm-none-eabi/4.9.3/../../../../arm-none-eabi/lib/armv6-m\libm.a(lib_a-s_fpclassify.o)
                              d:/program files (x86)/gnu tools arm embedded/4.9 2014q4/bin/../lib/gcc/arm-none-eabi/4.9.3/../../../../arm-none-eabi/lib/armv6-m\libm.a(lib_a-w_acos.o) (__fpclassifyd)
d:/program files (x86)/gnu tools arm embedded/4.9 2014q4/bin/../lib/gcc/arm-none-eabi/4.9.3/../../../../arm-none-eabi/lib/armv6-m\libm.a(lib_a-s_lib_ver.o)
[...]
Memory Configuration

Name             Origin             Length             Attributes
rom              0x08000000         0x00010000         xr
ram              0x20000000         0x00002000         xrw
*default*        0x00000000         0xffffffff

Linker script and memory map

LOAD d:/program files (x86)/gnu tools arm embedded/4.9 2014q4/bin/../lib/gcc/arm-none-eabi/4.9.3/armv6-m/crti.o
LOAD d:/program files (x86)/gnu tools arm embedded/4.9 2014q4/bin/../lib/gcc/arm-none-eabi/4.9.3/armv6-m/crtbegin.o
LOAD d:/program files (x86)/gnu tools arm embedded/4.9 2014q4/bin/../lib/gcc/arm-none-eabi/4.9.3/../../../../arm-none-eabi/lib/armv6-m/crt0.o
                0x20002000                _eram = 0x20002000

.text           0x08000000     0x4c10
 *(.isr_vector)
 .isr_vector    0x08000000       0xc4 ..\obj\startup_stm32f0xx.o
                0x08000000                g_pfnVectors
 *(.text*)
 .text          0x080000c4       0x60 d:/program files (x86)/gnu tools arm embedded/4.9 2014q4/bin/../lib/gcc/arm-none-eabi/4.9.3/armv6-m/crtbegin.o
 .text.RCC_AHBPeriphClockCmd
                0x08000124       0x18 ..\obj\stm32f0xx_rcc.o
                0x08000124                RCC_AHBPeriphClockCmd
 .text.RCC_APB1PeriphClockCmd
                0x0800013c       0x18 ..\obj\stm32f0xx_rcc.o
                0x0800013c                RCC_APB1PeriphClockCmd
 .text._Z7invSqrtd
                0x08000154       0x50 ..\obj\dcm.o
                0x08000154                invSqrt(double)
 .text._Z19MahonyAHRSupdateIMUdddddd
                0x080001a4      0x600 ..\obj\dcm.o
                0x080001a4                MahonyAHRSupdateIMU(double, double, double, double, double, double)
 .text._Z16MahonyAHRSupdateddddddddd
                0x080007a4      0x9d4 ..\obj\dcm.o
                0x080007a4                MahonyAHRSupdate(double, double, double, double, double, double, double, double, double)
 .text.micros   0x08001178       0x30 ..\obj\main.o
                0x08001178                micros
 .text.I2C_init
                0x080011a8       0x7c ..\obj\main.o
                0x080011a8                I2C_init
 .text.Recv_init
                0x08001224       0xb4 ..\obj\main.o
                0x08001224                Recv_init
 .text.startup.main
                0x080012d8       0xdc ..\obj\main.o
                0x080012d8                main
 .text.Reset_Handler
                0x080013b4       0x4c ..\obj\startup_stm32f0xx.o
                0x080013b4                Reset_Handler
 .text.Default_Handler
                0x08001400        0x2 ..\obj\startup_stm32f0xx.o
                0x08001400                TIM1_CC_IRQHandler
                0x08001400                HardFault_Handler
                0x08001400                ADC1_COMP_IRQHandler
                0x08001400                SysTick_Handler
                0x08001400                PVD_IRQHandler
                0x08001400                PendSV_Handler
                0x08001400                NMI_Handler
                0x08001400                I2C1_IRQHandler
                0x08001400                SPI1_IRQHandler
                0x08001400                TIM6_DAC_IRQHandler
                0x08001400                EXTI2_3_IRQHandler
                0x08001400                I2C2_IRQHandler
                0x08001400                TIM17_IRQHandler
                0x08001400                RTC_IRQHandler
                0x08001400                TIM16_IRQHandler
                0x08001400                TIM3_IRQHandler
                0x08001400                EXTI4_15_IRQHandler
                0x08001400                RCC_IRQHandler
                0x08001400                DMA1_Channel1_IRQHandler
                0x08001400                Default_Handler
                0x08001400                CEC_IRQHandler
                0x08001400                TIM14_IRQHandler
                0x08001400                DMA1_Channel4_5_IRQHandler
                0x08001400                TIM15_IRQHandler
                0x08001400                EXTI0_1_IRQHandler
                0x08001400                SPI2_IRQHandler
                0x08001400                SVC_Handler
                0x08001400                TS_IRQHandler
                0x08001400                WWDG_IRQHandler
                0x08001400                TIM2_IRQHandler
                0x08001400                DMA1_Channel2_3_IRQHandler
                0x08001400                USART2_IRQHandler
                0x08001400                FLASH_IRQHandler
                0x08001400                USART1_IRQHandler
                0x08001400                TIM1_BRK_UP_TRG_COM_IRQHandler
 *fill*         0x08001402        0x2 
 .text.I2C_Init
                0x08001404       0x64 ..\obj\stm32f0xx_i2c.o
                0x08001404                I2C_Init
 .text.I2C_Cmd  0x08001468       0x12 ..\obj\stm32f0xx_i2c.o
                0x08001468                I2C_Cmd
 *fill*         0x0800147a        0x2 
 .text.I2C_GenerateSTART
                0x0800147c       0x1c ..\obj\stm32f0xx_i2c.o
                0x0800147c                I2C_GenerateSTART
 .text.I2C_GenerateSTOP
                0x08001498       0x1c ..\obj\stm32f0xx_i2c.o
                0x08001498                I2C_GenerateSTOP
 .text.I2C_AcknowledgeConfig
                0x080014b4       0x1c ..\obj\stm32f0xx_i2c.o
                0x080014b4                I2C_AcknowledgeConfig
 .text.I2C_TransferHandling
                0x080014d0       0x20 ..\obj\stm32f0xx_i2c.o
                0x080014d0                I2C_TransferHandling
 .text.I2C_SendData
                0x080014f0        0x4 ..\obj\stm32f0xx_i2c.o
                0x080014f0                I2C_SendData
 .text.I2C_ReceiveData
                0x080014f4        0x6 ..\obj\stm32f0xx_i2c.o
                0x080014f4                I2C_ReceiveData
 .text.I2C_GetFlagStatus
                0x080014fa        0xc ..\obj\stm32f0xx_i2c.o
                0x080014fa                I2C_GetFlagStatus
 .text.I2C_ClearFlag
                0x08001506        0x4 ..\obj\stm32f0xx_i2c.o
                0x08001506                I2C_ClearFlag
 *fill*         0x0800150a        0x2 
 .text.SystemCoreClockUpdate1
                0x0800150c       0x64 ..\obj\system_stm32f0xx_temp.o
                0x0800150c                SystemCoreClockUpdate
                0x0800150c                SystemCoreClockUpdate1
 .text.SetSysClock1
                0x08001570       0xa0 ..\obj\system_stm32f0xx_temp.o
                0x08001570                SetSysClock
 .text.SystemInit1
                0x08001610       0x64 ..\obj\system_stm32f0xx_temp.o
                0x08001610                SystemInit
                0x08001610                SystemInit1
 .text.GPIO_Init
                0x08001674       0x78 ..\obj\stm32f0xx_gpio.o
                0x08001674                GPIO_Init
 .text.GPIO_PinAFConfig
                0x080016ec       0x24 ..\obj\stm32f0xx_gpio.o
                0x080016ec                GPIO_PinAFConfig
 .text.abort    0x08001710        0x2 ..\obj\syscalls.o
                0x08001710                abort
 *fill*         0x08001712        0x2 
 .text.EXTI_Init
                0x08001714       0x64 ..\obj\stm32f0xx_exti.o
                0x08001714                EXTI_Init
 .text._ZN3magC2Ev
                0x08001778        0xe ..\obj\sensors.o
                0x08001778                mag::mag()
                0x08001778                mag::mag()
 *fill*         0x08001786        0x2 
 .text._ZN11sens_common11writeDeviceEhhh
                0x08001788       0x60 ..\obj\sensors.o
                0x08001788                sens_common::writeDevice(unsigned char, unsigned char, unsigned char)
 .text._ZN4gyroC2Ev
                0x080017e8       0x30 ..\obj\sensors.o
                0x080017e8                gyro::gyro()
                0x080017e8                gyro::gyro()
 .text._ZN3accC2Ev
                0x08001818       0x48 ..\obj\sensors.o
                0x08001818                acc::acc()
                0x08001818                acc::acc()
 .text._ZN11sens_common10readDeviceEhh
                0x08001860       0x90 ..\obj\sensors.o
                0x08001860                sens_common::readDevice(unsigned char, unsigned char)
 .text._ZN4gyro6updateEv
                0x080018f0       0x30 ..\obj\sensors.o
                0x080018f0                gyro::update()
 .text._ZN3mag6updateEv
                0x08001920       0x30 ..\obj\sensors.o
                0x08001920                mag::update()
 .text._ZN3acc6updateEv
                0x08001950       0x30 ..\obj\sensors.o
                0x08001950                acc::update()
 .text.SYSCFG_EXTILineConfig
                0x08001980       0x2c ..\obj\stm32f0xx_syscfg.o
                0x08001980                SYSCFG_EXTILineConfig
 .text.sqrt     0x080019ac       0xb8 d:/program files (x86)/gnu tools arm embedded/4.9 2014q4/bin/../lib/gcc/arm-none-eabi/4.9.3/../../../../arm-none-eabi/lib/armv6-m\libm.a(lib_a-w_sqrt.o)
                0x080019ac                sqrt
 .text.__ieee754_sqrt
                0x08001a64      0x1ec d:/program files (x86)/gnu tools arm embedded/4.9 2014q4/bin/../lib/gcc/arm-none-eabi/4.9.3/../../../../arm-none-eabi/lib/armv6-m\libm.a(lib_a-e_sqrt.o)
                0x08001a64                __ieee754_sqrt
 .text.__fpclassifyd
                0x08001c50       0x5c d:/program files (x86)/gnu tools arm embedded/4.9 2014q4/bin/../lib/gcc/arm-none-eabi/4.9.3/../../../../arm-none-eabi/lib/armv6-m\libm.a(lib_a-s_fpclassify.o)
                0x08001c50                __fpclassifyd
 .text.matherr  0x08001cac        0x4 d:/program files (x86)/gnu tools arm embedded/4.9 2014q4/bin/../lib/gcc/arm-none-eabi/4.9.3/../../../../arm-none-eabi/lib/armv6-m\libm.a(lib_a-s_matherr.o)
                0x08001cac                matherr
 .text          0x08001cb0      0x120 d:/program files (x86)/gnu tools arm embedded/4.9 2014q4/bin/../lib/gcc/arm-none-eabi/4.9.3/armv6-m\libgcc.a(_udivsi3.o)
                0x08001cb0                __aeabi_uidiv
                0x08001cb0                __udivsi3
                0x08001dbc                __aeabi_uidivmod
 .text          0x08001dd0        0x4 d:/program files (x86)/gnu tools arm embedded/4.9 2014q4/bin/../lib/gcc/arm-none-eabi/4.9.3/armv6-m\libgcc.a(_dvmd_tls.o)
                0x08001dd0                __aeabi_idiv0
                0x08001dd0                __aeabi_ldiv0
 .text          0x08001dd4       0x7c d:/program files (x86)/gnu tools arm embedded/4.9 2014q4/bin/../lib/gcc/arm-none-eabi/4.9.3/armv6-m\libgcc.a(_arm_cmpdf2.o)
                0x08001dd4                __aeabi_cdrcmple
                0x08001de4                __aeabi_cdcmple
                0x08001de4                __aeabi_cdcmpeq
                0x08001df4                __aeabi_dcmpeq
                0x08001e00                __aeabi_dcmplt
                0x08001e14                __aeabi_dcmple
                0x08001e28                __aeabi_dcmpgt
                0x08001e3c                __aeabi_dcmpge
 .text          0x08001e50       0x54 d:/program files (x86)/gnu tools arm embedded/4.9 2014q4/bin/../lib/gcc/arm-none-eabi/4.9.3/armv6-m\libgcc.a(_muldi3.o)
                0x08001e50                __muldi3
                0x08001e50                __aeabi_lmul
 .text          0x08001ea4      0x650 d:/program files (x86)/gnu tools arm embedded/4.9 2014q4/bin/../lib/gcc/arm-none-eabi/4.9.3/armv6-m\libgcc.a(adddf3.o)
                0x08001ea4                __aeabi_dadd
 .text          0x080024f4      0x648 d:/program files (x86)/gnu tools arm embedded/4.9 2014q4/bin/../lib/gcc/arm-none-eabi/4.9.3/armv6-m\libgcc.a(divdf3.o)
                0x080024f4                __aeabi_ddiv
 .text          0x08002b3c       0x88 d:/program files (x86)/gnu tools arm embedded/4.9 2014q4/bin/../lib/gcc/arm-none-eabi/4.9.3/armv6-m\libgcc.a(eqdf2.o)
                0x08002b3c                __nedf2
                0x08002b3c                __eqdf2
 .text          0x08002bc4       0xe0 d:/program files (x86)/gnu tools arm embedded/4.9 2014q4/bin/../lib/gcc/arm-none-eabi/4.9.3/armv6-m\libgcc.a(gedf2.o)
                0x08002bc4                __gedf2
                0x08002bc4                __gtdf2
 .text          0x08002ca4       0xcc d:/program files (x86)/gnu tools arm embedded/4.9 2014q4/bin/../lib/gcc/arm-none-eabi/4.9.3/armv6-m\libgcc.a(ledf2.o)
                0x08002ca4                __ledf2
                0x08002ca4                __ltdf2
 .text          0x08002d70      0x534 d:/program files (x86)/gnu tools arm embedded/4.9 2014q4/bin/../lib/gcc/arm-none-eabi/4.9.3/armv6-m\libgcc.a(muldf3.o)
                0x08002d70                __aeabi_dmul
 .text          0x080032a4      0x6f4 d:/program files (x86)/gnu tools arm embedded/4.9 2014q4/bin/../lib/gcc/arm-none-eabi/4.9.3/armv6-m\libgcc.a(subdf3.o)
                0x080032a4                __aeabi_dsub
 .text          0x08003998       0x78 d:/program files (x86)/gnu tools arm embedded/4.9 2014q4/bin/../lib/gcc/arm-none-eabi/4.9.3/armv6-m\libgcc.a(floatsidf.o)
                0x08003998                __aeabi_i2d
 .text          0x08003a10      0xa70 d:/program files (x86)/gnu tools arm embedded/4.9 2014q4/bin/../lib/gcc/arm-none-eabi/4.9.3/armv6-m\libgcc.a(unwind-arm.o)
                0x08003ce8                _Unwind_GetCFA
                0x08003cec                __gnu_Unwind_RaiseException
                0x08003d40                __gnu_Unwind_ForcedUnwind
                0x08003d54                __gnu_Unwind_Resume
                0x08003d9c                __gnu_Unwind_Resume_or_Rethrow
                0x08003db8                _Unwind_Complete
                0x08003dbc                _Unwind_DeleteException
                0x08003dcc                _Unwind_VRS_Get
                0x08003e18                _Unwind_VRS_Set
                0x08003e68                __gnu_Unwind_Backtrace
                0x080041c8                __aeabi_unwind_cpp_pr0
                0x080041d4                __aeabi_unwind_cpp_pr1
                0x080041e0                __aeabi_unwind_cpp_pr2
                0x080041ec                _Unwind_VRS_Pop
 .text          0x08004480      0x144 d:/program files (x86)/gnu tools arm embedded/4.9 2014q4/bin/../lib/gcc/arm-none-eabi/4.9.3/armv6-m\libgcc.a(libunwind.o)
                0x08004480                __restore_core_regs
                0x08004480                restore_core_regs
                0x080044ac                __gnu_Unwind_Restore_VFP
                0x080044b0                __gnu_Unwind_Save_VFP
                0x080044b4                __gnu_Unwind_Restore_VFP_D
                0x080044b8                __gnu_Unwind_Save_VFP_D
                0x080044bc                __gnu_Unwind_Restore_VFP_D_16_to_31
                0x080044c0                __gnu_Unwind_Save_VFP_D_16_to_31
                0x080044c4                __gnu_Unwind_Restore_WMMXD
                0x080044c8                __gnu_Unwind_Save_WMMXD
                0x080044cc                __gnu_Unwind_Restore_WMMXC
                0x080044d0                __gnu_Unwind_Save_WMMXC
                0x080044d4                ___Unwind_RaiseException
                0x080044d4                _Unwind_RaiseException
                0x08004504                _Unwind_Resume
                0x08004504                ___Unwind_Resume
                0x08004534                _Unwind_Resume_or_Rethrow
                0x08004534                ___Unwind_Resume_or_Rethrow
                0x08004564                _Unwind_ForcedUnwind
                0x08004564                ___Unwind_ForcedUnwind
                0x08004594                ___Unwind_Backtrace
                0x08004594                _Unwind_Backtrace
 .text          0x080045c4      0x3b0 d:/program files (x86)/gnu tools arm embedded/4.9 2014q4/bin/../lib/gcc/arm-none-eabi/4.9.3/armv6-m\libgcc.a(pr-support.o)
                0x08004618                __gnu_unwind_execute
                0x0800491c                __gnu_unwind_frame
                0x08004944                _Unwind_GetRegionStart
                0x08004950                _Unwind_GetLanguageSpecificData
                0x08004964                _Unwind_GetDataRelBase
                0x0800496c                _Unwind_GetTextRelBase
 .text          0x08004974       0x3c d:/program files (x86)/gnu tools arm embedded/4.9 2014q4/bin/../lib/gcc/arm-none-eabi/4.9.3/armv6-m\libgcc.a(_clzsi2.o)
                0x08004974                __clzsi2
 .text.__errno  0x080049b0        0xc d:/program files (x86)/gnu tools arm embedded/4.9 2014q4/bin/../lib/gcc/arm-none-eabi/4.9.3/../../../../arm-none-eabi/lib/armv6-m\libc.a(lib_a-errno.o)
                0x080049b0                __errno
 .text.memcpy   0x080049bc       0x7c d:/program files (x86)/gnu tools arm embedded/4.9 2014q4/bin/../lib/gcc/arm-none-eabi/4.9.3/../../../../arm-none-eabi/lib/armv6-m\libc.a(lib_a-memcpy.o)
                0x080049bc                memcpy
 .text.startup.register_fini
                0x08004a38       0x18 d:/program files (x86)/gnu tools arm embedded/4.9 2014q4/bin/../lib/gcc/arm-none-eabi/4.9.3/../../../../arm-none-eabi/lib/armv6-m\libc.a(lib_a-__call_atexit.o)
 .text.atexit   0x08004a50       0x10 d:/program files (x86)/gnu tools arm embedded/4.9 2014q4/bin/../lib/gcc/arm-none-eabi/4.9.3/../../../../arm-none-eabi/lib/armv6-m\libc.a(lib_a-atexit.o)
                0x08004a50                atexit
 .text.__libc_fini_array
                0x08004a60       0x34 d:/program files (x86)/gnu tools arm embedded/4.9 2014q4/bin/../lib/gcc/arm-none-eabi/4.9.3/../../../../arm-none-eabi/lib/armv6-m\libc.a(lib_a-fini.o)
                0x08004a60                __libc_fini_array
 .text.__register_exitproc
                0x08004a94       0xd4 d:/program files (x86)/gnu tools arm embedded/4.9 2014q4/bin/../lib/gcc/arm-none-eabi/4.9.3/../../../../arm-none-eabi/lib/armv6-m\libc.a(lib_a-__atexit.o)
                0x08004a94                __register_exitproc
 *(.init)
 .init          0x08004b68        0x4 d:/program files (x86)/gnu tools arm embedded/4.9 2014q4/bin/../lib/gcc/arm-none-eabi/4.9.3/armv6-m/crti.o
                0x08004b68                _init
 .init          0x08004b6c        0x8 d:/program files (x86)/gnu tools arm embedded/4.9 2014q4/bin/../lib/gcc/arm-none-eabi/4.9.3/armv6-m/crtn.o
 *(.fini)
 .fini          0x08004b74        0x4 d:/program files (x86)/gnu tools arm embedded/4.9 2014q4/bin/../lib/gcc/arm-none-eabi/4.9.3/armv6-m/crti.o
                0x08004b74                _fini
 .fini          0x08004b78        0x8 d:/program files (x86)/gnu tools arm embedded/4.9 2014q4/bin/../lib/gcc/arm-none-eabi/4.9.3/armv6-m/crtn.o
 *crtbegin.o(.ctors)
 *crtbegin?.o(.ctors)
 *(EXCLUDE_FILE(*crtend.o *crtend?.o) .ctors)
 *(SORT(.ctors.*))
 *(.ctors)
 *crtbegin.o(.dtors)
 *crtbegin?.o(.dtors)
 *(EXCLUDE_FILE(*crtend.o *crtend?.o) .dtors)
 *(SORT(.dtors.*))
 *(.dtors)
 *(.rodata*)
 .rodata.str1.4
                0x08004b80        0x5 d:/program files (x86)/gnu tools arm embedded/4.9 2014q4/bin/../lib/gcc/arm-none-eabi/4.9.3/../../../../arm-none-eabi/lib/armv6-m\libm.a(lib_a-w_sqrt.o)
                                  0x8 (size before relaxing)
 *fill*         0x08004b85        0x3 
 .rodata        0x08004b88       0x40 d:/program files (x86)/gnu tools arm embedded/4.9 2014q4/bin/../lib/gcc/arm-none-eabi/4.9.3/armv6-m\libgcc.a(divdf3.o)
 .rodata        0x08004bc8       0x40 d:/program files (x86)/gnu tools arm embedded/4.9 2014q4/bin/../lib/gcc/arm-none-eabi/4.9.3/armv6-m\libgcc.a(muldf3.o)
 .rodata.str1.4
                0x08004c08        0x4 d:/program files (x86)/gnu tools arm embedded/4.9 2014q4/bin/../lib/gcc/arm-none-eabi/4.9.3/../../../../arm-none-eabi/lib/armv6-m\libc.a(lib_a-impure.o)
 .rodata._global_impure_ptr
                0x08004c0c        0x4 d:/program files (x86)/gnu tools arm embedded/4.9 2014q4/bin/../lib/gcc/arm-none-eabi/4.9.3/../../../../arm-none-eabi/lib/armv6-m\libc.a(lib_a-impure.o)
                0x08004c0c                _global_impure_ptr
 *(.eh_fram e*)

.glue_7         0x08004c10        0x0
 .glue_7        0x00000000        0x0 linker stubs

.glue_7t        0x08004c10        0x0
 .glue_7t       0x00000000        0x0 linker stubs

.vfp11_veneer   0x08004c10        0x0
 .vfp11_veneer  0x00000000        0x0 linker stubs

.v4_bx          0x08004c10        0x0
 .v4_bx         0x00000000        0x0 linker stubs

.iplt           0x08004c10        0x0
 .iplt          0x00000000        0x0 d:/program files (x86)/gnu tools arm embedded/4.9 2014q4/bin/../lib/gcc/arm-none-eabi/4.9.3/armv6-m/crtbegin.o

.ARM.extab      0x08004c10       0x9c
 *(.ARM.extab* .gnu.linkonce.armextab.*)
 .ARM.extab     0x08004c10       0x6c d:/program files (x86)/gnu tools arm embedded/4.9 2014q4/bin/../lib/gcc/arm-none-eabi/4.9.3/armv6-m\libgcc.a(unwind-arm.o)
 .ARM.extab     0x08004c7c       0x30 d:/program files (x86)/gnu tools arm embedded/4.9 2014q4/bin/../lib/gcc/arm-none-eabi/4.9.3/armv6-m\libgcc.a(pr-support.o)
                0x08004cac                __exidx_start = .

.eh_frame       0x08004cac        0x0
 .eh_frame      0x08004cac        0x0 d:/program files (x86)/gnu tools arm embedded/4.9 2014q4/bin/../lib/gcc/arm-none-eabi/4.9.3/armv6-m/crtbegin.o

.ARM.exidx      0x08004cac      0x128
 *(.ARM.exidx* .gnu.linkonce.armexidx.*)
 .ARM.exidx.text._Z7invSqrtd
                0x08004cac        0x8 ..\obj\dcm.o
 .ARM.exidx.text._Z19MahonyAHRSupdateIMUdddddd
                0x08004cb4        0x0 ..\obj\dcm.o
                                  0x8 (size before relaxing)
 .ARM.exidx.text._Z16MahonyAHRSupdateddddddddd
                0x08004cb4        0x0 ..\obj\dcm.o
                                  0x8 (size before relaxing)
 .ARM.exidx.text.micros
                0x08004cb4        0x0 ..\obj\main.o
                                  0x8 (size before relaxing)
 .ARM.exidx.text.I2C_init
                0x08004cb4        0x8 ..\obj\main.o
 .ARM.exidx.text.Recv_init
                0x08004cbc        0x8 ..\obj\main.o
 .ARM.exidx.text.startup.main
                0x08004cc4       0x10 ..\obj\main.o
                                  0x8 (size before relaxing)
 .ARM.exidx.text._ZN3magC2Ev
                0x08004cd4        0x0 ..\obj\sensors.o
                                  0x8 (size before relaxing)
 .ARM.exidx.text._ZN11sens_common11writeDeviceEhhh
                0x08004cd4        0x8 ..\obj\sensors.o
 .ARM.exidx.text._ZN4gyroC2Ev
                0x08004cdc        0x8 ..\obj\sensors.o
 .ARM.exidx.text._ZN3accC2Ev
                0x08004ce4        0x0 ..\obj\sensors.o
                                  0x8 (size before relaxing)
 .ARM.exidx.text._ZN11sens_common10readDeviceEhh
                0x08004ce4        0x8 ..\obj\sensors.o
 .ARM.exidx.text._ZN4gyro6updateEv
                0x08004cec        0x8 ..\obj\sensors.o
 .ARM.exidx.text._ZN3mag6updateEv
                0x08004cf4        0x0 ..\obj\sensors.o
                                  0x8 (size before relaxing)
 .ARM.exidx.text._ZN3acc6updateEv
                0x08004cf4        0x8 ..\obj\sensors.o
 .ARM.exidx     0x08004cfc       0xa0 d:/program files (x86)/gnu tools arm embedded/4.9 2014q4/bin/../lib/gcc/arm-none-eabi/4.9.3/armv6-m\libgcc.a(unwind-arm.o)
                                 0xd8 (size before relaxing)
 .ARM.exidx     0x08004d9c       0x38 d:/program files (x86)/gnu tools arm embedded/4.9 2014q4/bin/../lib/gcc/arm-none-eabi/4.9.3/armv6-m\libgcc.a(pr-support.o)
                                 0x48 (size before relaxing)
                0x08004dd4                __exidx_end = .
                0x08004dd4                __etext = .
                0x08004dd4                _sidata = __etext

.rel.dyn        0x08004dd4        0x0
 .rel.iplt      0x00000000        0x0 d:/program files (x86)/gnu tools arm embedded/4.9 2014q4/bin/../lib/gcc/arm-none-eabi/4.9.3/armv6-m/crtbegin.o

.data           0x20000000      0x464 load address 0x08004dd4
                0x20000000                __data_start__ = .
                0x20000000                _sdata = __data_start__
 *(vtable)
 *(.data*)
 .data          0x20000000       0x10 ..\obj\dcm.o
                0x20000000                q0
                0x20000008                twoKp
 .data          0x20000010       0x14 ..\obj\system_stm32f0xx_temp.o
                0x20000010                AHBPrescTable
                0x20000020                SystemCoreClock
 .data.__fdlib_version
                0x20000024        0x1 d:/program files (x86)/gnu tools arm embedded/4.9 2014q4/bin/../lib/gcc/arm-none-eabi/4.9.3/../../../../arm-none-eabi/lib/armv6-m\libm.a(lib_a-s_lib_ver.o)
                0x20000024                __fdlib_version
 *fill*         0x20000025        0x3 
 .data.impure_data
                0x20000028      0x428 d:/program files (x86)/gnu tools arm embedded/4.9 2014q4/bin/../lib/gcc/arm-none-eabi/4.9.3/../../../../arm-none-eabi/lib/armv6-m\libc.a(lib_a-impure.o)
 .data._impure_ptr
                0x20000450        0x4 d:/program files (x86)/gnu tools arm embedded/4.9 2014q4/bin/../lib/gcc/arm-none-eabi/4.9.3/../../../../arm-none-eabi/lib/armv6-m\libc.a(lib_a-impure.o)
                0x20000450                _impure_ptr
                0x20000454                . = ALIGN (0x4)
                0x20000454                PROVIDE (__preinit_array_start, .)
 *(.preinit_array)
                0x20000454                PROVIDE (__preinit_array_end, .)
                0x20000454                . = ALIGN (0x4)
                0x20000454                PROVIDE (__init_array_start, .)
 *(SORT(.init_array.*))
 .init_array.00000
                0x20000454        0x4 d:/program files (x86)/gnu tools arm embedded/4.9 2014q4/bin/../lib/gcc/arm-none-eabi/4.9.3/../../../../arm-none-eabi/lib/armv6-m\libc.a(lib_a-__call_atexit.o)
 *(.init_array)
 .init_array    0x20000458        0x4 d:/program files (x86)/gnu tools arm embedded/4.9 2014q4/bin/../lib/gcc/arm-none-eabi/4.9.3/armv6-m/crtbegin.o
                0x2000045c                PROVIDE (__init_array_end, .)
                0x2000045c                . = ALIGN (0x4)
                0x2000045c                PROVIDE (__fini_array_start, .)
 *(SORT(.fini_array.*))
 *(.fini_array)
 .fini_array    0x2000045c        0x4 d:/program files (x86)/gnu tools arm embedded/4.9 2014q4/bin/../lib/gcc/arm-none-eabi/4.9.3/armv6-m/crtbegin.o
                0x20000460                PROVIDE (__fini_array_end, .)
 *(.jcr*)
 .jcr           0x20000460        0x0 d:/program files (x86)/gnu tools arm embedded/4.9 2014q4/bin/../lib/gcc/arm-none-eabi/4.9.3/armv6-m/crtbegin.o
 .jcr           0x20000460        0x4 d:/program files (x86)/gnu tools arm embedded/4.9 2014q4/bin/../lib/gcc/arm-none-eabi/4.9.3/armv6-m/crtend.o
                0x20000464                . = ALIGN (0x4)
                0x20000464                __data_end__ = .
                0x20000464                _edata = __data_end__

.igot.plt       0x20000464        0x0 load address 0x08005238
 .igot.plt      0x00000000        0x0 d:/program files (x86)/gnu tools arm embedded/4.9 2014q4/bin/../lib/gcc/arm-none-eabi/4.9.3/armv6-m/crtbegin.o

.bss            0x20000468       0x64 load address 0x08005240
                0x20000468                . = ALIGN (0x4)
                0x20000468                __bss_start__ = .
                0x20000468                _sbss = __bss_start__
 *(.bss*)
 .bss           0x20000468       0x1c d:/program files (x86)/gnu tools arm embedded/4.9 2014q4/bin/../lib/gcc/arm-none-eabi/4.9.3/armv6-m/crtbegin.o
 *fill*         0x20000484        0x4 
 .bss           0x20000488       0x38 ..\obj\dcm.o
                0x20000488                q1
                0x20000490                q3
                0x20000498                q2
                0x200004a0                twoKi
                0x200004a8                integralFBx
                0x200004b0                integralFBy
                0x200004b8                integralFBz
 .bss           0x200004c0        0x8 ..\obj\main.o
                0x200004c0                millis_count
 .bss           0x200004c8        0x1 ..\obj\sensors.o
                0x200004c8                sensor
 *(COMMON)
                0x200004cc                . = ALIGN (0x4)
 *fill*         0x200004c9        0x3 
                0x200004cc                __bss_end__ = .
                0x200004cc                _ebss = __bss_end__

.heap           0x200004cc        0x0
                0x200004cc                __end__ = .
                0x200004cc                _end = __end__
                0x200004cc                end = __end__
 *(.heap*)
                0x200004cc                __HeapLimit = .

.co_stack       0x200004cc        0x4 load address 0x080052a4
                0x200004d0                . = ALIGN (0x8)
 *fill*         0x200004cc        0x4 
 *(.co_stack .co_stack.*)
                0x20002000                __StackTop = (ORIGIN (ram) + 0x2000)
                0x20001ffc                __StackLimit = (__StackTop - SIZEOF (.co_stack))
                0x20002000                PROVIDE (__stack, __StackTop)
                0x00000001                ASSERT ((__StackLimit >= __HeapLimit), region ram  overflowed with stack)
LOAD ..\obj\stm32f0xx_crc.o
LOAD ..\obj\stm32f0xx_rcc.o
LOAD ..\obj\stm32f0xx_adc.o
LOAD ..\obj\stm32f0xx_iwdg.o
LOAD ..\obj\dcm.o
LOAD ..\obj\main.o
LOAD ..\obj\startup_stm32f0xx.o
LOAD ..\obj\stm32f0xx_dma.o
LOAD ..\obj\stm32f0xx_spi.o
LOAD ..\obj\stm32f0xx_i2c.o
LOAD ..\obj\recv.o
LOAD ..\obj\system_stm32f0xx_temp.o
LOAD ..\obj\stm32f0xx_gpio.o
LOAD ..\obj\stm32f0xx_comp.o
LOAD ..\obj\stm32f0xx_rtc.o
LOAD ..\obj\syscalls.o
LOAD ..\obj\stm32f0xx_usart.o
LOAD ..\obj\gps.o
LOAD ..\obj\stm32f0xx_tim.o
LOAD ..\obj\stm32f0xx_flash.o
LOAD ..\obj\motors.o
LOAD ..\obj\stm32f0xx_exti.o
LOAD ..\obj\sensors.o
LOAD ..\obj\stm32f0xx_wwdg.o
LOAD ..\obj\stm32f0xx_syscfg.o
LOAD ..\obj\stm32f0xx_pwr.o
LOAD ..\obj\stm32f0xx_misc.o
LOAD ..\obj\stm32f0xx_dac.o
LOAD d:/program files (x86)/gnu tools arm embedded/4.9 2014q4/bin/../lib/gcc/arm-none-eabi/4.9.3/../../../../arm-none-eabi/lib/armv6-m\libm.a
LOAD d:/program files (x86)/gnu tools arm embedded/4.9 2014q4/bin/../lib/gcc/arm-none-eabi/4.9.3/armv6-m\libgcc.a
LOAD d:/program files (x86)/gnu tools arm embedded/4.9 2014q4/bin/../lib/gcc/arm-none-eabi/4.9.3/../../../../arm-none-eabi/lib/armv6-m\libc.a
LOAD d:/program files (x86)/gnu tools arm embedded/4.9 2014q4/bin/../lib/gcc/arm-none-eabi/4.9.3/../../../../arm-none-eabi/lib/armv6-m\libstdc++.a
START GROUP
LOAD d:/program files (x86)/gnu tools arm embedded/4.9 2014q4/bin/../lib/gcc/arm-none-eabi/4.9.3/armv6-m\libgcc.a
LOAD d:/program files (x86)/gnu tools arm embedded/4.9 2014q4/bin/../lib/gcc/arm-none-eabi/4.9.3/../../../../arm-none-eabi/lib/armv6-m\libg.a
LOAD d:/program files (x86)/gnu tools arm embedded/4.9 2014q4/bin/../lib/gcc/arm-none-eabi/4.9.3/../../../../arm-none-eabi/lib/armv6-m\libc.a
END GROUP
LOAD d:/program files (x86)/gnu tools arm embedded/4.9 2014q4/bin/../lib/gcc/arm-none-eabi/4.9.3/armv6-m/crtend.o
LOAD d:/program files (x86)/gnu tools arm embedded/4.9 2014q4/bin/../lib/gcc/arm-none-eabi/4.9.3/armv6-m/crtn.o
OUTPUT(STM32F0-AERO.elf elf32-littlearm)

.ARM.attributes
                0x00000000       0x28
 .ARM.attributes
                0x00000000       0x1e d:/program files (x86)/gnu tools arm embedded/4.9 2014q4/bin/../lib/gcc/arm-none-eabi/4.9.3/armv6-m/crti.o
 .ARM.attributes
                0x0000001e       0x2c d:/program files (x86)/gnu tools arm embedded/4.9 2014q4/bin/../lib/gcc/arm-none-eabi/4.9.3/armv6-m/crtbegin.o
 .ARM.attributes
                0x0000004a       0x31 ..\obj\stm32f0xx_rcc.o
 .ARM.attributes
                0x0000007b       0x31 ..\obj\dcm.o
 .ARM.attributes
                0x000000ac       0x31 ..\obj\main.o
 .ARM.attributes
                0x000000dd       0x21 ..\obj\startup_stm32f0xx.o
 .ARM.attributes
                0x000000fe       0x31 ..\obj\stm32f0xx_i2c.o
 .ARM.attributes
                0x0000012f       0x31 ..\obj\system_stm32f0xx_temp.o
 .ARM.attributes
                0x00000160       0x31 ..\obj\stm32f0xx_gpio.o
 .ARM.attributes
                0x00000191       0x31 ..\obj\stm32f0xx_exti.o
 .ARM.attributes
                0x000001c2       0x31 ..\obj\sensors.o
 .ARM.attributes
                0x000001f3       0x31 ..\obj\stm32f0xx_syscfg.o
 .ARM.attributes
                0x00000224       0x2c d:/program files (x86)/gnu tools arm embedded/4.9 2014q4/bin/../lib/gcc/arm-none-eabi/4.9.3/../../../../arm-none-eabi/lib/armv6-m\libm.a(lib_a-w_sqrt.o)
 .ARM.attributes
                0x00000250       0x2c d:/program files (x86)/gnu tools arm embedded/4.9 2014q4/bin/../lib/gcc/arm-none-eabi/4.9.3/../../../../arm-none-eabi/lib/armv6-m\libm.a(lib_a-e_sqrt.o)
 .ARM.attributes
                0x0000027c       0x2c d:/program files (x86)/gnu tools arm embedded/4.9 2014q4/bin/../lib/gcc/arm-none-eabi/4.9.3/../../../../arm-none-eabi/lib/armv6-m\libm.a(lib_a-s_fpclassify.o)
 .ARM.attributes
                0x000002a8       0x2c d:/program files (x86)/gnu tools arm embedded/4.9 2014q4/bin/../lib/gcc/arm-none-eabi/4.9.3/../../../../arm-none-eabi/lib/armv6-m\libm.a(lib_a-s_lib_ver.o)
 .ARM.attributes
                0x000002d4       0x2c d:/program files (x86)/gnu tools arm embedded/4.9 2014q4/bin/../lib/gcc/arm-none-eabi/4.9.3/../../../../arm-none-eabi/lib/armv6-m\libm.a(lib_a-s_matherr.o)
 .ARM.attributes
                0x00000300       0x1e d:/program files (x86)/gnu tools arm embedded/4.9 2014q4/bin/../lib/gcc/arm-none-eabi/4.9.3/armv6-m\libgcc.a(_udivsi3.o)
 .ARM.attributes
                0x0000031e       0x1e d:/program files (x86)/gnu tools arm embedded/4.9 2014q4/bin/../lib/gcc/arm-none-eabi/4.9.3/armv6-m\libgcc.a(_dvmd_tls.o)
 .ARM.attributes
                0x0000033c       0x1e d:/program files (x86)/gnu tools arm embedded/4.9 2014q4/bin/../lib/gcc/arm-none-eabi/4.9.3/armv6-m\libgcc.a(_arm_cmpdf2.o)
 .ARM.attributes
                0x0000035a       0x2c d:/program files (x86)/gnu tools arm embedded/4.9 2014q4/bin/../lib/gcc/arm-none-eabi/4.9.3/armv6-m\libgcc.a(_muldi3.o)
 .ARM.attributes
                0x00000386       0x2c d:/program files (x86)/gnu tools arm embedded/4.9 2014q4/bin/../lib/gcc/arm-none-eabi/4.9.3/armv6-m\libgcc.a(adddf3.o)
 .ARM.attributes
                0x000003b2       0x2c d:/program files (x86)/gnu tools arm embedded/4.9 2014q4/bin/../lib/gcc/arm-none-eabi/4.9.3/armv6-m\libgcc.a(divdf3.o)
 .ARM.attributes
                0x000003de       0x2c d:/program files (x86)/gnu tools arm embedded/4.9 2014q4/bin/../lib/gcc/arm-none-eabi/4.9.3/armv6-m\libgcc.a(eqdf2.o)
 .ARM.attributes
                0x0000040a       0x2c d:/program files (x86)/gnu tools arm embedded/4.9 2014q4/bin/../lib/gcc/arm-none-eabi/4.9.3/armv6-m\libgcc.a(gedf2.o)
 .ARM.attributes
                0x00000436       0x2c d:/program files (x86)/gnu tools arm embedded/4.9 2014q4/bin/../lib/gcc/arm-none-eabi/4.9.3/armv6-m\libgcc.a(ledf2.o)
 .ARM.attributes
                0x00000462       0x2c d:/program files (x86)/gnu tools arm embedded/4.9 2014q4/bin/../lib/gcc/arm-none-eabi/4.9.3/armv6-m\libgcc.a(muldf3.o)
 .ARM.attributes
                0x0000048e       0x2c d:/program files (x86)/gnu tools arm embedded/4.9 2014q4/bin/../lib/gcc/arm-none-eabi/4.9.3/armv6-m\libgcc.a(subdf3.o)
 .ARM.attributes
                0x000004ba       0x2c d:/program files (x86)/gnu tools arm embedded/4.9 2014q4/bin/../lib/gcc/arm-none-eabi/4.9.3/armv6-m\libgcc.a(floatsidf.o)
 .ARM.attributes
                0x000004e6       0x1e d:/program files (x86)/gnu tools arm embedded/4.9 2014q4/bin/../lib/gcc/arm-none-eabi/4.9.3/armv6-m\libgcc.a(_clzsi2.o)
 .ARM.attributes
                0x00000504       0x2c d:/program files (x86)/gnu tools arm embedded/4.9 2014q4/bin/../lib/gcc/arm-none-eabi/4.9.3/../../../../arm-none-eabi/lib/armv6-m\libc.a(lib_a-errno.o)
 .ARM.attributes
                0x00000530       0x2c d:/program files (x86)/gnu tools arm embedded/4.9 2014q4/bin/../lib/gcc/arm-none-eabi/4.9.3/../../../../arm-none-eabi/lib/armv6-m\libc.a(lib_a-impure.o)
 .ARM.attributes
                0x0000055c       0x2c d:/program files (x86)/gnu tools arm embedded/4.9 2014q4/bin/../lib/gcc/arm-none-eabi/4.9.3/../../../../arm-none-eabi/lib/armv6-m\libc.a(lib_a-__call_atexit.o)
 .ARM.attributes
                0x00000588       0x2c d:/program files (x86)/gnu tools arm embedded/4.9 2014q4/bin/../lib/gcc/arm-none-eabi/4.9.3/../../../../arm-none-eabi/lib/armv6-m\libc.a(lib_a-atexit.o)
 .ARM.attributes
                0x000005b4       0x2c d:/program files (x86)/gnu tools arm embedded/4.9 2014q4/bin/../lib/gcc/arm-none-eabi/4.9.3/../../../../arm-none-eabi/lib/armv6-m\libc.a(lib_a-fini.o)
 .ARM.attributes
                0x000005e0       0x2c d:/program files (x86)/gnu tools arm embedded/4.9 2014q4/bin/../lib/gcc/arm-none-eabi/4.9.3/../../../../arm-none-eabi/lib/armv6-m\libc.a(lib_a-__atexit.o)
 .ARM.attributes
                0x0000060c       0x2c d:/program files (x86)/gnu tools arm embedded/4.9 2014q4/bin/../lib/gcc/arm-none-eabi/4.9.3/armv6-m/crtend.o
 .ARM.attributes
                0x00000638       0x1e d:/program files (x86)/gnu tools arm embedded/4.9 2014q4/bin/../lib/gcc/arm-none-eabi/4.9.3/armv6-m/crtn.o

.comment        0x00000000       0x70
 .comment       0x00000000       0x70 ..\obj\stm32f0xx_rcc.o
                                 0x71 (size before relaxing)
 .comment       0x00000000       0x71 ..\obj\dcm.o
 .comment       0x00000000       0x71 ..\obj\main.o
 .comment       0x00000000       0x71 ..\obj\stm32f0xx_i2c.o
 .comment       0x00000000       0x71 ..\obj\system_stm32f0xx_temp.o
 .comment       0x00000000       0x71 ..\obj\stm32f0xx_gpio.o
 .comment       0x00000000       0x71 ..\obj\stm32f0xx_exti.o
 .comment       0x00000000       0x71 ..\obj\sensors.o
 .comment       0x00000000       0x71 ..\obj\stm32f0xx_syscfg.o

.debug_info     0x00000000     0x4d56
 .debug_info    0x00000000      0x9d4 ..\obj\stm32f0xx_rcc.o
 .debug_info    0x000009d4      0x720 ..\obj\dcm.o
 .debug_info    0x000010f4     0x148e ..\obj\main.o
 .debug_info    0x00002582       0xa0 ..\obj\startup_stm32f0xx.o
 .debug_info    0x00002622      0xbf3 ..\obj\stm32f0xx_i2c.o
 .debug_info    0x00003215      0x2fd ..\obj\system_stm32f0xx_temp.o
 .debug_info    0x00003512      0x686 ..\obj\stm32f0xx_gpio.o
 .debug_info    0x00003b98      0x30f ..\obj\stm32f0xx_exti.o
 .debug_info    0x00003ea7      0xbff ..\obj\sensors.o
 .debug_info    0x00004aa6      0x2b0 ..\obj\stm32f0xx_syscfg.o

.debug_abbrev   0x00000000     0x11eb
 .debug_abbrev  0x00000000      0x22e ..\obj\stm32f0xx_rcc.o
 .debug_abbrev  0x0000022e      0x147 ..\obj\dcm.o
 .debug_abbrev  0x00000375      0x403 ..\obj\main.o
 .debug_abbrev  0x00000778       0x12 ..\obj\startup_stm32f0xx.o
 .debug_abbrev  0x0000078a      0x1ad ..\obj\stm32f0xx_i2c.o
 .debug_abbrev  0x00000937      0x13f ..\obj\system_stm32f0xx_temp.o
 .debug_abbrev  0x00000a76      0x1d2 ..\obj\stm32f0xx_gpio.o
 .debug_abbrev  0x00000c48      0x1b0 ..\obj\stm32f0xx_exti.o
 .debug_abbrev  0x00000df8      0x29d ..\obj\sensors.o
 .debug_abbrev  0x00001095      0x156 ..\obj\stm32f0xx_syscfg.o

.debug_loc      0x00000000     0x20d3
 .debug_loc     0x00000000      0x793 ..\obj\stm32f0xx_rcc.o
 .debug_loc     0x00000793      0xa08 ..\obj\dcm.o
 .debug_loc     0x0000119b       0x5c ..\obj\main.o
 .debug_loc     0x000011f7      0x5f1 ..\obj\stm32f0xx_i2c.o
 .debug_loc     0x000017e8       0xe7 ..\obj\system_stm32f0xx_temp.o
 .debug_loc     0x000018cf      0x311 ..\obj\stm32f0xx_gpio.o
 .debug_loc     0x00001be0      0x149 ..\obj\stm32f0xx_exti.o
 .debug_loc     0x00001d29      0x1f1 ..\obj\sensors.o
 .debug_loc     0x00001f1a      0x1b9 ..\obj\stm32f0xx_syscfg.o

.debug_aranges  0x00000000      0x550
 .debug_aranges
                0x00000000      0x150 ..\obj\stm32f0xx_rcc.o
 .debug_aranges
                0x00000150       0x30 ..\obj\dcm.o
 .debug_aranges
                0x00000180       0x88 ..\obj\main.o
 .debug_aranges
                0x00000208       0x28 ..\obj\startup_stm32f0xx.o
 .debug_aranges
                0x00000230      0x168 ..\obj\stm32f0xx_i2c.o
 .debug_aranges
                0x00000398       0x30 ..\obj\system_stm32f0xx_temp.o
 .debug_aranges
                0x000003c8       0x80 ..\obj\stm32f0xx_gpio.o
 .debug_aranges
                0x00000448       0x58 ..\obj\stm32f0xx_exti.o
 .debug_aranges
                0x000004a0       0x58 ..\obj\sensors.o
 .debug_aranges
                0x000004f8       0x58 ..\obj\stm32f0xx_syscfg.o

.debug_ranges   0x00000000      0x5a8
 .debug_ranges  0x00000000      0x140 ..\obj\stm32f0xx_rcc.o
 .debug_ranges  0x00000140       0x20 ..\obj\dcm.o
 .debug_ranges  0x00000160      0x150 ..\obj\main.o
 .debug_ranges  0x000002b0       0x20 ..\obj\startup_stm32f0xx.o
 .debug_ranges  0x000002d0      0x158 ..\obj\stm32f0xx_i2c.o
 .debug_ranges  0x00000428       0x20 ..\obj\system_stm32f0xx_temp.o
 .debug_ranges  0x00000448       0x70 ..\obj\stm32f0xx_gpio.o
 .debug_ranges  0x000004b8       0x48 ..\obj\stm32f0xx_exti.o
 .debug_ranges  0x00000500       0x60 ..\obj\sensors.o
 .debug_ranges  0x00000560       0x48 ..\obj\stm32f0xx_syscfg.o

.debug_line     0x00000000     0x1e07
 .debug_line    0x00000000      0x570 ..\obj\stm32f0xx_rcc.o
 .debug_line    0x00000570      0x283 ..\obj\dcm.o
 .debug_line    0x000007f3      0x42d ..\obj\main.o
 .debug_line    0x00000c20       0xa7 ..\obj\startup_stm32f0xx.o
 .debug_line    0x00000cc7      0x576 ..\obj\stm32f0xx_i2c.o
 .debug_line    0x0000123d      0x1c9 ..\obj\system_stm32f0xx_temp.o
 .debug_line    0x00001406      0x2f6 ..\obj\stm32f0xx_gpio.o
 .debug_line    0x000016fc      0x262 ..\obj\stm32f0xx_exti.o
 .debug_line    0x0000195e      0x285 ..\obj\sensors.o
 .debug_line    0x00001be3      0x224 ..\obj\stm32f0xx_syscfg.o

.debug_str      0x00000000     0x1bcf
 .debug_str     0x00000000      0x667 ..\obj\stm32f0xx_rcc.o
                                0x717 (size before relaxing)
 .debug_str     0x00000667      0x3ae ..\obj\dcm.o
                                0x459 (size before relaxing)
 .debug_str     0x00000a15      0x889 ..\obj\main.o
                                0xd66 (size before relaxing)
 .debug_str     0x0000129e      0x3cb ..\obj\stm32f0xx_i2c.o
                                0x643 (size before relaxing)
 .debug_str     0x00001669       0xa6 ..\obj\system_stm32f0xx_temp.o
                                0x28e (size before relaxing)
 .debug_str     0x0000170f      0x166 ..\obj\stm32f0xx_gpio.o
                                0x4a4 (size before relaxing)
 .debug_str     0x00001875       0xea ..\obj\stm32f0xx_exti.o
                                0x321 (size before relaxing)
 .debug_str     0x0000195f       0xfa ..\obj\sensors.o
                                0x582 (size before relaxing)
 .debug_str     0x00001a59      0x176 ..\obj\stm32f0xx_syscfg.o
                                0x30d (size before relaxing)

.debug_frame    0x00000000      0xeac
 .debug_frame   0x00000000      0x2a0 ..\obj\stm32f0xx_rcc.o
 .debug_frame   0x000002a0       0x70 ..\obj\dcm.o
 .debug_frame   0x00000310      0x170 ..\obj\main.o
 .debug_frame   0x00000480      0x2dc ..\obj\stm32f0xx_i2c.o
 .debug_frame   0x0000075c       0x58 ..\obj\system_stm32f0xx_temp.o
 .debug_frame   0x000007b4      0x108 ..\obj\stm32f0xx_gpio.o
 .debug_frame   0x000008bc       0x98 ..\obj\stm32f0xx_exti.o
 .debug_frame   0x00000954       0xe8 ..\obj\sensors.o
 .debug_frame   0x00000a3c       0x98 ..\obj\stm32f0xx_syscfg.o
 .debug_frame   0x00000ad4       0x38 d:/program files (x86)/gnu tools arm embedded/4.9 2014q4/bin/../lib/gcc/arm-none-eabi/4.9.3/../../../../arm-none-eabi/lib/armv6-m\libm.a(lib_a-w_sqrt.o)
 .debug_frame   0x00000b0c       0x3c d:/program files (x86)/gnu tools arm embedded/4.9 2014q4/bin/../lib/gcc/arm-none-eabi/4.9.3/../../../../arm-none-eabi/lib/armv6-m\libm.a(lib_a-e_sqrt.o)
 .debug_frame   0x00000b48       0x2c d:/program files (x86)/gnu tools arm embedded/4.9 2014q4/bin/../lib/gcc/arm-none-eabi/4.9.3/../../../../arm-none-eabi/lib/armv6-m\libm.a(lib_a-s_fpclassify.o)
 .debug_frame   0x00000b74       0x20 d:/program files (x86)/gnu tools arm embedded/4.9 2014q4/bin/../lib/gcc/arm-none-eabi/4.9.3/../../../../arm-none-eabi/lib/armv6-m\libm.a(lib_a-s_matherr.o)
 .debug_frame   0x00000b94       0x20 d:/program files (x86)/gnu tools arm embedded/4.9 2014q4/bin/../lib/gcc/arm-none-eabi/4.9.3/armv6-m\libgcc.a(_udivsi3.o)
 .debug_frame   0x00000bb4       0x34 d:/program files (x86)/gnu tools arm embedded/4.9 2014q4/bin/../lib/gcc/arm-none-eabi/4.9.3/armv6-m\libgcc.a(_muldi3.o)
 .debug_frame   0x00000be8       0x38 d:/program files (x86)/gnu tools arm embedded/4.9 2014q4/bin/../lib/gcc/arm-none-eabi/4.9.3/armv6-m\libgcc.a(adddf3.o)
 .debug_frame   0x00000c20       0x3c d:/program files (x86)/gnu tools arm embedded/4.9 2014q4/bin/../lib/gcc/arm-none-eabi/4.9.3/armv6-m\libgcc.a(divdf3.o)
 .debug_frame   0x00000c5c       0x38 d:/program files (x86)/gnu tools arm embedded/4.9 2014q4/bin/../lib/gcc/arm-none-eabi/4.9.3/armv6-m\libgcc.a(eqdf2.o)
 .debug_frame   0x00000c94       0x38 d:/program files (x86)/gnu tools arm embedded/4.9 2014q4/bin/../lib/gcc/arm-none-eabi/4.9.3/armv6-m\libgcc.a(gedf2.o)
 .debug_frame   0x00000ccc       0x38 d:/program files (x86)/gnu tools arm embedded/4.9 2014q4/bin/../lib/gcc/arm-none-eabi/4.9.3/armv6-m\libgcc.a(ledf2.o)
 .debug_frame   0x00000d04       0x3c d:/program files (x86)/gnu tools arm embedded/4.9 2014q4/bin/../lib/gcc/arm-none-eabi/4.9.3/armv6-m\libgcc.a(muldf3.o)
 .debug_frame   0x00000d40       0x3c d:/program files (x86)/gnu tools arm embedded/4.9 2014q4/bin/../lib/gcc/arm-none-eabi/4.9.3/armv6-m\libgcc.a(subdf3.o)
 .debug_frame   0x00000d7c       0x2c d:/program files (x86)/gnu tools arm embedded/4.9 2014q4/bin/../lib/gcc/arm-none-eabi/4.9.3/armv6-m\libgcc.a(floatsidf.o)
 .debug_frame   0x00000da8       0x20 d:/program files (x86)/gnu tools arm embedded/4.9 2014q4/bin/../lib/gcc/arm-none-eabi/4.9.3/../../../../arm-none-eabi/lib/armv6-m\libc.a(lib_a-errno.o)
 .debug_frame   0x00000dc8       0x54 d:/program files (x86)/gnu tools arm embedded/4.9 2014q4/bin/../lib/gcc/arm-none-eabi/4.9.3/../../../../arm-none-eabi/lib/armv6-m\libc.a(lib_a-__call_atexit.o)
 .debug_frame   0x00000e1c       0x28 d:/program files (x86)/gnu tools arm embedded/4.9 2014q4/bin/../lib/gcc/arm-none-eabi/4.9.3/../../../../arm-none-eabi/lib/armv6-m\libc.a(lib_a-atexit.o)
 .debug_frame   0x00000e44       0x2c d:/program files (x86)/gnu tools arm embedded/4.9 2014q4/bin/../lib/gcc/arm-none-eabi/4.9.3/../../../../arm-none-eabi/lib/armv6-m\libc.a(lib_a-fini.o)
 .debug_frame   0x00000e70       0x3c d:/program files (x86)/gnu tools arm embedded/4.9 2014q4/bin/../lib/gcc/arm-none-eabi/4.9.3/../../../../arm-none-eabi/lib/armv6-m\libc.a(lib_a-__atexit.o)
